26 entries. REVIEW_ lines need a human; the rest were dropped.

MERGED_NEAR       51m  "Aunty Aini's Garden Cafe" [no_reservations.kml] + [parts_unknown_s1_6.kml]
MERGED_NEAR       57m  'Ben Thanh Market' [cooks_tour.kml] + [no_reservations.kml]
REVIEW_CLOSED cooks_tour.kml / Disc 1: United States :: 'Brasserie Les Halles' :: 'Restaurant Tony worked at before and during the filming of the show. Permanently closed now.'
REVIEW_CLOSED cooks_tour.kml / Disc 1: United States :: 'John Matone Killed Dylan Prime' :: 'Dylan prime is closed. Tony drank martinis there.'
REVIEW_CLOSED cooks_tour.kml / Disc 1: United States :: 'The Milling Room' :: "On the show he visited Veritas, which is now closed (Scott Bryan's restaurant). This is Scott's new restaurant. Tony said Veritas was one of"
REVIEW_CLOSED cooks_tour.kml / Disc 1: United States :: 'The Pit Authentic Barbecue' :: "Tony visited Mitchell's BBQ which is now closed. This is the newer spot."
REVIEW_CLOSED cooks_tour.kml / Disc 1: United States :: 'Vincent A Restaurant' :: 'Permanently closed; it was a classic French restaurant.'
REVIEW_CLOSED cooks_tour.kml / Disc 2: Mexico and The Americas :: "Gus's Beach Bar" :: "This was Tony's favorite restaurant on earth. It closed. He was very happy here."
REVIEW_CLOSED cooks_tour.kml / Disc 5: Australia and Japan :: 'The Atlantic Restaurant' :: 'Tony ate at Ondine Restaurant, which is now closed. This is the current restaurant of the same chef, Donovan Cooke. Tony praised the food fo'
REVIEW_CLOSED no_reservations.kml / Food markets :: 'Crab Market' :: 'Tony met Madame Kek, a humanitarian, in this seaside town that used to be a resort town for rich people before 1970 and is now in ruins. The'
REVIEW_CLOSED no_reservations.kml / Food markets :: 'Municipal Market RJ - CADEG' :: 'Many stands were closed when he visited this food market'
REVIEW_CLOSED no_reservations.kml / Restaurants and Bars :: '129 E 60th St' :: "Closed now, it used to be Le Veau D'Or, a French restaurant since 1937"
REVIEW_CLOSED no_reservations.kml / Restaurants and Bars :: '3205 K St NW' :: 'This used to be Chadwicks, where Tony had beers and burgers with a former US spy'
REVIEW_CLOSED no_reservations.kml / Restaurants and Bars :: 'Flor De Pino' :: 'Run by a woman who has cooked for nearly every important political figure. No longer open to the public. Some dishes include: Carne de Monte'
REVIEW_CLOSED no_reservations.kml / Restaurants and Bars :: 'Jobos Beach' :: 'Sonia Rican restaurant was here before; Closed now, Tony had mofongo there.'
REVIEW_CLOSED no_reservations.kml / Restaurants and Bars :: 'Kalimnos' :: 'Tony ate at a restaurant called Elitsa Rini. Could not find it so I guess it closed'
REVIEW_CLOSED no_reservations.kml / Restaurants and Bars :: 'Sullivan Street Bakery and Pizza' :: 'Jim Lahey, owner and baker. Obsessed with dough/bread. The restaurant on the show, called "Co." (short for Company) closed, but he is still '
REVIEW_CLOSED no_reservations.kml / Restaurants and Bars :: 'wd~50' :: "Closed now, but this was Wylie Dufresne's restaurant. This episode featured Bill Buford, Amy Sacco, Ted Allen, and Chris Wilson eating at th"
REVIEW_CLOSED no_reservations.kml / Sightseeing :: 'Key West' :: 'He visited Conchtown Cafe, which no longer exists'
REVIEW_CLOSED parts_unknown_s1_6.kml / Season 2 :: 'Packard Automotive Plant' :: 'Tony visited Al Hill, who lives on the site of the 3.5 million sq ft auto plant that is no longer in use.'
REVIEW_CLOSED parts_unknown_s1_6.kml / Season 2 :: 'Toshima City' :: 'There used to be a boxing gym in Toshima called Yurakura Gym, but I could not find it on the map.'
REVIEW_CLOSED parts_unknown_s7_12.kml / Season 10 :: 'Matera' :: 'A cave city that predates the Greek and Roman empires. Tony visited the city with Asia Argento. It used to be where the outcasts were sent, '
REVIEW_CLOSED parts_unknown_s7_12.kml / Season 12 :: 'Penida Island' :: 'Tony took a boat ride to this island and had fresh lobster with an anthropologist on this island that used to be a penal colony.'
REVIEW_CLOSED the_layover.kml / Season 2 :: "Chef Ken's" :: 'Soul food - may be closed now?'
REVIEW_CLOSED the_layover.kml / Season 2 :: 'Le Swan' :: "Tony recommended the Black Hoof, but the restaurant is closed now. This is the chef's new restaurant"
REVIEW_CLOSED the_layover.kml / Season 2 :: 'No. 16, Lane 38, Section 3, Zhinan Road' :: 'This used to be the Yuan Xu Yuan teahouse he visited. Now Closed.'
